<h1>Statement for BigCo</h1>
<table>
    <thead>
        <tr>
            <th>Play</th>
            <th>Seats</th>
            <th>Cost</th>
        </tr>
    </thead>
    <tbody>
        <tr>
            <td>Hamlet</td>
            <td>$650.00</td>
            <td>55</td>
        <tr>
        <tr>
            <td>As You Like It</td>
            <td>$580.00</td>
            <td>35</td>
        <tr>
        <tr>
            <td>Othello</td>
            <td>$500.00</td>
            <td>40</td>
        <tr>
    </tbody>
</table>
<p>Amount owed is <em>$1,730.00</em>.</p>
<p>You earned <em>47</em> credits</p>